// Jest Snapshot v1, https://goo.gl/fbAQLP

exports[`TimerBox: Jest Snapshot 1`] = `<div />`;
